C:\Users\user>git clone https://github.com/solarDev177/Docker-Application
Cloning into 'Docker-Application'...
remote: Enumerating objects: 61, done.
remote: Counting objects: 100% (61/61), done.
remote: Compressing objects: 100% (61/61), done.
remote: Total 61 (delta 34), reused 0 (delta 0), pack-reused 0 (from 0)
Receiving objects: 100% (61/61), 21.13 KiB | 3.52 MiB/s, done.
Resolving deltas: 100% (34/34), done.

C:\Users\user>cd Docker-application

C:\Users\user\Docker-Application>docker-compose

Usage:  docker compose [OPTIONS] COMMAND

Define and run multi-container applications with Docker

Options:
      --all-resources              Include all resources, even those not
                                   used by services
      --ansi string                Control when to print ANSI control
                                   characters ("never"|"always"|"auto")
                                   (default "auto")
      --compatibility              Run compose in backward compatibility mode
      --dry-run                    Execute command in dry run mode
      --env-file stringArray       Specify an alternate environment file
  -f, --file stringArray           Compose configuration files
      --parallel int               Control max parallelism, -1 for
                                   unlimited (default -1)
      --profile stringArray        Specify a profile to enable
      --progress string            Set type of progress output (auto,
                                   tty, plain, json, quiet) (default "auto")
      --project-directory string   Specify an alternate working directory
                                   (default: the path of the, first
                                   specified, Compose file)
  -p, --project-name string        Project name

Commands:
  attach      Attach local standard input, output, and error streams to a service's running container
  build       Build or rebuild services
  commit      Create a new image from a service container's changes
  config      Parse, resolve and render compose file in canonical format
  cp          Copy files/folders between a service container and the local filesystem
  create      Creates containers for a service
  down        Stop and remove containers, networks
  events      Receive real time events from containers
  exec        Execute a command in a running container
  export      Export a service container's filesystem as a tar archive
  images      List images used by the created containers
  kill        Force stop service containers
  logs        View output from containers
  ls          List running compose projects
  pause       Pause services
  port        Print the public port for a port binding
  ps          List containers
  pull        Pull service images
  push        Push service images
  restart     Restart service containers
  rm          Removes stopped service containers
  run         Run a one-off command on a service
  scale       Scale services
  start       Start services
  stats       Display a live stream of container(s) resource usage statistics
  stop        Stop services
  top         Display the running processes
  unpause     Unpause services
  up          Create and start containers
  version     Show the Docker Compose version information
  wait        Block until containers of all (or specified) services stop.
  watch       Watch build context for service and rebuild/refresh containers when files are updated

Run 'docker compose COMMAND --help' for more information on a command.

C:\Users\user\Docker-Application>docker-compose up
time="2025-03-09T01:53:39-06:00" level=warning msg="C:\\Users\\user\\Docker-Application\\docker-compose.yml: the attribute `version` is obsolete, it will be ignored, please remove it to avoid potential confusion"
[+] Building 4.1s (11/11) FINISHED                                                                 docker:desktop-linux
 => [app internal] load build definition from Dockerfile                                                           0.0s
 => => transferring dockerfile: 404B                                                                               0.0s
 => [app internal] load metadata for docker.io/library/python:3.12-slim                                            0.5s
 => [app auth] library/python:pull token for registry-1.docker.io                                                  0.0s
 => [app internal] load .dockerignore                                                                              0.0s
 => => transferring context: 2B                                                                                    0.0s
 => [app 1/4] FROM docker.io/library/python:3.12-slim@sha256:aaa3f8cb64dd64e5f8cb6e58346bdcfa410a108324b0f28f1a7c  0.0s
 => => resolve docker.io/library/python:3.12-slim@sha256:aaa3f8cb64dd64e5f8cb6e58346bdcfa410a108324b0f28f1a7cc596  0.0s
 => [app internal] load build context                                                                              0.0s
 => => transferring context: 76.82kB                                                                               0.0s
 => CACHED [app 2/4] WORKDIR /app                                                                                  0.0s
 => [app 3/4] COPY . /app                                                                                          0.0s
 => [app 4/4] RUN pip install colorama                                                                             2.7s
 => [app] exporting to image                                                                                       0.7s
 => => exporting layers                                                                                            0.4s
 => => exporting manifest sha256:5a37a4c3c74e6aafaf4cfe56de96cb4ac3616626e9d64cb1110b6add15b126b7                  0.0s
 => => exporting config sha256:5c9c3e1fe52b0d4b576c5d5de12c7bd2f79c6fd329611c80dee78cc7527e8a56                    0.0s
 => => exporting attestation manifest sha256:5925250eff93b03065b3101eb6432aa9bc8033ba8b3166f7a172c54372a3e872      0.0s
 => => exporting manifest list sha256:0697e1767c051f46eae014a499494b36f5192423a678107d83ab2c23fbae9108             0.0s
 => => naming to docker.io/library/docker-application-app:latest                                                   0.0s
 => => unpacking to docker.io/library/docker-application-app:latest                                                0.2s
 => [app] resolving provenance for metadata file                                                                   0.0s
[+] Running 2/2
 ✔ app                                 Built                                                                       0.0s
 ✔ Container docker-application-app-1  Created                                                                     0.2s
Attaching to app-1
app-1  | Welcome to the Unit Converter!
app-1  | Type any of these letters to select a function:
app-1  | '1' -->| Meters to Feet
app-1  | '2' -->| Feet to Meters
app-1  | '3' -->| Kilograms to Pounds
app-1  | '4' -->| Pounds to Kilograms
app-1  | '5' -->| Celsius to Fahrenheit
app-1  | '6' -->| Fahrenheit to Celsius
app-1  | '7' -->| Hours to Minutes
app-1  | '8' -->| Minutes to Hours
app-1  | '9' -->| Kmph to Mph
app-1  | '10'-->| Mph to Kmph
app-1  | 'Quit' or 'quit': Quit the program
Gracefully stopping... (press Ctrl+C again to force)
[+] Stopping 1/1
 ✔ Container docker-application-app-1  Stopped                                                                     3.7s
canceled

C:\Users\user\Docker-Application>docker run -it docker-application-app
Welcome to the Unit Converter!
Type any of these letters to select a function:
'1' -->| Meters to Feet
'2' -->| Feet to Meters
'3' -->| Kilograms to Pounds
'4' -->| Pounds to Kilograms
'5' -->| Celsius to Fahrenheit
'6' -->| Fahrenheit to Celsius
'7' -->| Hours to Minutes
'8' -->| Minutes to Hours
'9' -->| Kmph to Mph
'10'-->| Mph to Kmph
'Quit' or 'quit': Quit the program
Enter: quit
Type 'exit' if on windows32 or linux consoles to close the console, and if on darwin, type osascript -e 'tell application "Terminal" to close (front window)'

C:\Users\user\Docker-Application>
